// Jest Snapshot v1, https://goo.gl/fbAQLP

exports[`should render Selected Callout in all screens 1`] = `
<View
  testID="Callout"
>
  <View
    style={
      Object {
        "alignSelf": "center",
        "flexDirection": "column",
        "marginTop": -18,
        "opacity": 80,
      }
    }
  >
    <View
      style={
        Object {
          "alignSelf": "center",
          "backgroundColor": "transparent",
          "borderBottomColor": "#F6F6F6",
          "borderBottomWidth": 15,
          "borderLeftColor": "transparent",
          "borderLeftWidth": 10,
          "borderRightColor": "transparent",
          "borderRightWidth": 10,
          "borderStyle": "solid",
          "height": 20,
          "width": 20,
        }
      }
    />
    <View>
      <Text>
        Hello, World!
      </Text>
    </View>
  </View>
</View>
`;
