// Jest Snapshot v1, https://goo.gl/fbAQLP

exports[`should render Selected Order List in all screens 1`] = `
<View
  style={
    Array [
      Object {
        "backgroundColor": "#dbddde",
        "overflow": "hidden",
      },
      undefined,
    ]
  }
>
  <View
    onLayout={[Function]}
    onMoveShouldSetResponder={[Function]}
    onMoveShouldSetResponderCapture={[Function]}
    onResponderEnd={[Function]}
    onResponderGrant={[Function]}
    onResponderMove={[Function]}
    onResponderReject={[Function]}
    onResponderRelease={[Function]}
    onResponderStart={[Function]}
    onResponderTerminate={[Function]}
    onResponderTerminationRequest={[Function]}
    onStartShouldSetResponder={[Function]}
    onStartShouldSetResponderCapture={[Function]}
    style={
      Array [
        Object {},
        Object {
          "transform": Array [
            Object {
              "translateX": 0,
            },
          ],
        },
      ]
    }
  >
    <View
      forwardedRef={[Function]}
      style={
        Object {
          "backgroundColor": "#F6F6F6",
          "opacity": 0,
          "transform": Array [
            Object {
              "translateX": 500,
            },
          ],
        }
      }
    >
      <View
        style={
          Object {
            "backgroundColor": "white",
            "borderRadius": 15,
            "flex": 1,
            "flexDirection": "row",
            "height": 266.8,
            "justifyContent": "space-between",
            "paddingHorizontal": 5,
            "width": 710,
          }
        }
        testID="OrderList"
      >
        <View
          style={
            Object {
              "flex": 1.1,
              "margin": 5,
            }
          }
        >
          <Image
            source={
              Object {
                "uri": "../../../../assets/images/02.jpg",
              }
            }
            style={
              Object {
                "borderColor": "grey",
                "borderRadius": 35,
                "borderWidth": 2,
                "height": 70,
                "marginRight": 5,
                "marginTop": 5,
                "width": 70,
              }
            }
          />
        </View>
        <View
          style={
            Object {
              "flex": 4,
              "flexDirection": "column",
            }
          }
        >
          <View
            style={
              Object {
                "flex": 6,
                "flexDirection": "row",
                "justifyContent": "space-between",
              }
            }
          >
            <View
              style={
                Object {
                  "flex": 2.3,
                }
              }
            >
              <Text
                style={
                  Object {
                    "flex": 1,
                    "fontSize": 18,
                    "fontWeight": "bold",
                    "marginTop": 15,
                  }
                }
              >
                T-Shirt
              </Text>
              <Text
                style={
                  Object {
                    "alignItems": "flex-start",
                    "flex": 1,
                    "fontSize": 20,
                    "fontWeight": "bold",
                  }
                }
              >
                Zara
              </Text>
              <View
                style={
                  Object {
                    "flex": 1,
                    "flexDirection": "row",
                  }
                }
              >
                <Text
                  style={
                    Object {
                      "flex": 1,
                      "fontSize": 20,
                    }
                  }
                >
                  size:
                  XL
                </Text>
                <View
                  style={
                    Array [
                      Object {
                        "borderRadius": 12.5,
                        "height": 25,
                        "width": 25,
                      },
                      Object {
                        "backgroundColor": "red",
                      },
                    ]
                  }
                />
              </View>
            </View>
            <View
              style={
                Object {
                  "flex": 1,
                }
              }
            />
            <View
              style={
                Object {
                  "alignItems": "center",
                  "flex": 1.7,
                  "justifyContent": "center",
                  "paddingVertical": 20,
                }
              }
            >
              <Text
                style={
                  Array [
                    Object {
                      "flex": 1,
                      "fontSize": 18,
                      "fontWeight": "bold",
                      "textAlign": "center",
                    },
                    Object {
                      "color": "mediumaquamarine",
                    },
                  ]
                }
              >
                Accepted
              </Text>
              <Text
                style={
                  Object {
                    "alignSelf": "center",
                    "flex": 1,
                    "fontSize": 18,
                    "fontWeight": "bold",
                  }
                }
              >
                30
                .00 EGP
              </Text>
            </View>
          </View>
          <View
            style={
              Object {
                "flex": 1,
                "flexDirection": "column",
              }
            }
          >
            <Text
              style={
                Object {
                  "fontSize": 12,
                }
              }
            >
              requested on 
              Fri, 11 Dec 2020 02:40:07 GMT
               
            </Text>
          </View>
        </View>
      </View>
    </View>
  </View>
  <View />
  <View />
</View>
`;
