// Jest Snapshot v1, https://goo.gl/fbAQLP

exports[`should render Selected Tag in all screens 1`] = `
<View
  accessible={true}
  focusable={true}
  onClick={[Function]}
  onResponderGrant={[Function]}
  onResponderMove={[Function]}
  onResponderRelease={[Function]}
  onResponderTerminate={[Function]}
  onResponderTerminationRequest={[Function]}
  onStartShouldSetResponder={[Function]}
  style={
    Object {
      "height": 20,
      "marginTop": 10,
      "opacity": 1,
      "paddingRight": 10,
    }
  }
>
  <Text
    style={
      Array [
        Object {
          "fontSize": 15,
          "fontWeight": "bold",
        },
        Object {
          "backgroundColor": "#FFA07A",
          "borderRadius": 15,
          "paddingHorizontal": 15,
        },
      ]
    }
  >
    Hello
  </Text>
</View>
`;
