// Jest Snapshot v1, https://goo.gl/fbAQLP

exports[`should render history 1`] = `
<View>
  <View
    style={
      Object {
        "backgroundColor": "lightgray",
        "flex": 1,
        "flexDirection": "column",
      }
    }
  >
    <
      data={
        Array [
          "look",
          "summer",
        ]
      }
      keyExtractor={[Function]}
      renderItem={[Function]}
    />
  </View>
</View>
`;
