// Jest Snapshot v1, https://goo.gl/fbAQLP

exports[`should render Popup in all screens 1`] = `
<View
  testID="Popup"
>
  <Modal
    animationType="none"
    hardwareAccelerated={false}
    hideModalContentWhileAnimating={false}
    onModalHide={[Function]}
    onModalWillHide={[Function]}
    onModalWillShow={[Function]}
    onRequestClose={[Function]}
    scrollHorizontal={false}
    scrollOffset={0}
    scrollOffsetMax={0}
    scrollTo={null}
    supportedOrientations={
      Array [
        "portrait",
        "landscape",
      ]
    }
    swipeThreshold={100}
    transparent={true}
    visible={true}
  >
    <View
      accessible={true}
      focusable={true}
      forwardedRef={[Function]}
      onClick={[Function]}
      onResponderGrant={[Function]}
      onResponderMove={[Function]}
      onResponderRelease={[Function]}
      onResponderTerminate={[Function]}
      onResponderTerminationRequest={[Function]}
      onStartShouldSetResponder={[Function]}
      style={
        Object {
          "backgroundColor": "black",
          "bottom": 0,
          "height": 1334,
          "left": 0,
          "opacity": 0,
          "position": "absolute",
          "right": 0,
          "top": 0,
          "width": 750,
        }
      }
    />
    <View
      forwardedRef={[Function]}
      hideModalContentWhileAnimating={false}
      onModalHide={[Function]}
      onModalWillHide={[Function]}
      onModalWillShow={[Function]}
      pointerEvents="box-none"
      scrollHorizontal={false}
      scrollOffset={0}
      scrollOffsetMax={0}
      scrollTo={null}
      style={
        Object {
          "flex": 1,
          "justifyContent": "flex-end",
          "margin": 0,
          "transform": Array [
            Object {
              "translateY": 1334,
            },
          ],
        }
      }
      supportedOrientations={
        Array [
          "portrait",
          "landscape",
        ]
      }
      swipeThreshold={100}
    >
      <View
        style={
          Object {
            "flex": 1,
            "justifyContent": "flex-end",
          }
        }
      >
        <View
          style={
            Object {
              "backgroundColor": "white",
              "borderTopLeftRadius": 20,
              "borderTopRightRadius": 20,
              "flex": 1,
              "maxHeight": 667,
              "width": 750,
            }
          }
        >
          <Text>
            Hello, World!
          </Text>
        </View>
      </View>
    </View>
  </Modal>
</View>
`;
