// Jest Snapshot v1, https://goo.gl/fbAQLP

exports[`should render correct 1`] = `ShallowWrapper {}`;
